2026-08-26 00:36:48.839: [INFO] CurrentProfilePath: C:\Users\User\Documents\Trabajos universidad\Curso_POO\Semana2\.metadata\.plugins\org.eclipse.swt\EBWebView\Default
2026-08-26 00:36:48.839: [INFO] Profiles total count: 1
2026-08-26 00:36:48.840: [INFO] Profile: name=Perfil 1 path=C:\Users\User\Documents\Trabajos universidad\Curso_POO\Semana2\.metadata\.plugins\org.eclipse.swt\EBWebView\Default lastActive=2026-08-26T00:36:26.242Z
2026-08-26 00:36:48.840: [INFO] LastUsedProfileDir: C:\Users\User\Documents\Trabajos universidad\Curso_POO\Semana2\.metadata\.plugins\org.eclipse.swt\EBWebView\Default
2026-08-26 00:36:48.840: [INFO] MostRecentlyActiveProfile: name=Perfil 1 path=C:\Users\User\Documents\Trabajos universidad\Curso_POO\Semana2\.metadata\.plugins\org.eclipse.swt\EBWebView\Default lastActive=2026-08-26T00:36:26.242Z
2026-08-26 00:36:48.840: [INFO] OnDoneLoading sync enabled: 0
2026-08-26 00:36:48.840: [INFO] BookmarkModelLoaded, ids_reassigned: 0
2026-08-26 00:36:48.840: [INFO] BookmarksLoadDropped droppedNodes=0
2026-08-26 00:36:48.840: [INFO] BookmarksSnapshot Startup total=0 bar=0 other=0 mobile=0 showBar=0 showBarNTP=1
2026-08-26 00:47:41.385: [INFO] BookmarksSnapshot Shutdown total=0 bar=0 other=0 mobile=0 showBar=0 showBarNTP=1
2026-08-26 01:58:51.505: [INFO] CurrentProfilePath: C:\Users\User\Documents\Trabajos universidad\Curso_POO\Semana2\.metadata\.plugins\org.eclipse.swt\EBWebView\Default
2026-08-26 01:58:51.505: [INFO] Profiles total count: 1
2026-08-26 01:58:51.507: [INFO] Profile: name=Perfil 1 path=C:\Users\User\Documents\Trabajos universidad\Curso_POO\Semana2\.metadata\.plugins\org.eclipse.swt\EBWebView\Default lastActive=2026-08-26T00:36:26.242Z
2026-08-26 01:58:51.507: [INFO] LastUsedProfileDir: C:\Users\User\Documents\Trabajos universidad\Curso_POO\Semana2\.metadata\.plugins\org.eclipse.swt\EBWebView\Default
2026-08-26 01:58:51.508: [INFO] MostRecentlyActiveProfile: name=Perfil 1 path=C:\Users\User\Documents\Trabajos universidad\Curso_POO\Semana2\.metadata\.plugins\org.eclipse.swt\EBWebView\Default lastActive=2026-08-26T00:36:26.242Z
2026-08-26 01:58:51.508: [INFO] OnDoneLoading sync enabled: 0
2026-08-26 01:58:51.508: [INFO] BookmarkModelLoaded, ids_reassigned: 0
2026-08-26 01:58:51.508: [INFO] BookmarksLoadDropped droppedNodes=0
2026-08-26 01:58:51.508: [INFO] BookmarksSnapshot Startup total=0 bar=0 other=0 mobile=0 showBar=0 showBarNTP=1
2026-08-26 02:13:28.791: [INFO] BookmarksSnapshot Shutdown total=0 bar=0 other=0 mobile=0 showBar=0 showBarNTP=1
2026-08-30 02:59:19.036: [INFO] CurrentProfilePath: C:\Users\User\Documents\Trabajos universidad\Curso_POO\Semana2\.metadata\.plugins\org.eclipse.swt\EBWebView\Default
2026-08-30 02:59:19.036: [INFO] Profiles total count: 1
2026-08-30 02:59:19.038: [INFO] Profile: name=Perfil 1 path=C:\Users\User\Documents\Trabajos universidad\Curso_POO\Semana2\.metadata\.plugins\org.eclipse.swt\EBWebView\Default lastActive=2026-08-26T00:36:26.242Z
2026-08-30 02:59:19.038: [INFO] LastUsedProfileDir: C:\Users\User\Documents\Trabajos universidad\Curso_POO\Semana2\.metadata\.plugins\org.eclipse.swt\EBWebView\Default
2026-08-30 02:59:19.038: [INFO] MostRecentlyActiveProfile: name=Perfil 1 path=C:\Users\User\Documents\Trabajos universidad\Curso_POO\Semana2\.metadata\.plugins\org.eclipse.swt\EBWebView\Default lastActive=2026-08-26T00:36:26.242Z
2026-08-30 02:59:19.038: [INFO] OnDoneLoading sync enabled: 0
2026-08-30 02:59:19.038: [INFO] BookmarkModelLoaded, ids_reassigned: 0
2026-08-30 02:59:19.038: [INFO] BookmarksLoadDropped droppedNodes=0
2026-08-30 02:59:19.038: [INFO] BookmarksSnapshot Startup total=0 bar=0 other=0 mobile=0 showBar=0 showBarNTP=1
2026-08-30 03:18:12.270: [INFO] BookmarksSnapshot Shutdown total=0 bar=0 other=0 mobile=0 showBar=0 showBarNTP=1
2026-09-06 00:07:41.660: [INFO] CurrentProfilePath: C:\Users\User\Documents\Trabajos universidad\Curso_POO\Semana2\.metadata\.plugins\org.eclipse.swt\EBWebView\Default
2026-09-06 00:07:41.660: [INFO] Profiles total count: 1
2026-09-06 00:07:41.660: [INFO] Profile: name=Perfil 1 path=C:\Users\User\Documents\Trabajos universidad\Curso_POO\Semana2\.metadata\.plugins\org.eclipse.swt\EBWebView\Default lastActive=2026-08-30T02:59:33.176Z
2026-09-06 00:07:41.660: [INFO] LastUsedProfileDir: C:\Users\User\Documents\Trabajos universidad\Curso_POO\Semana2\.metadata\.plugins\org.eclipse.swt\EBWebView\Default
2026-09-06 00:07:41.660: [INFO] MostRecentlyActiveProfile: name=Perfil 1 path=C:\Users\User\Documents\Trabajos universidad\Curso_POO\Semana2\.metadata\.plugins\org.eclipse.swt\EBWebView\Default lastActive=2026-08-30T02:59:33.176Z
2026-09-06 00:07:41.660: [INFO] OnDoneLoading sync enabled: 0
2026-09-06 00:07:41.660: [INFO] BookmarkModelLoaded, ids_reassigned: 0
2026-09-06 00:07:41.660: [INFO] BookmarksLoadDropped droppedNodes=0
2026-09-06 00:07:41.660: [INFO] BookmarksSnapshot Startup total=0 bar=0 other=0 mobile=0 showBar=0 showBarNTP=1
2026-09-06 02:11:38.795: [INFO] CurrentProfilePath: D:\Archivos eclipse\TC3_Modelo-main\.metadata\.plugins\org.eclipse.swt\EBWebView\Default
2026-09-06 02:11:38.795: [INFO] Profiles total count: 1
2026-09-06 02:11:38.795: [INFO] Profile: name=Perfil 1 path=D:\Archivos eclipse\TC3_Modelo-main\.metadata\.plugins\org.eclipse.swt\EBWebView\Default lastActive=2026-08-30T02:59:33.176Z
2026-09-06 02:11:38.795: [INFO] LastUsedProfileDir: D:\Archivos eclipse\TC3_Modelo-main\.metadata\.plugins\org.eclipse.swt\EBWebView\Default
2026-09-06 02:11:38.795: [INFO] MostRecentlyActiveProfile: name=Perfil 1 path=D:\Archivos eclipse\TC3_Modelo-main\.metadata\.plugins\org.eclipse.swt\EBWebView\Default lastActive=2026-08-30T02:59:33.176Z
2026-09-06 02:11:38.795: [INFO] OnDoneLoading sync enabled: 0
2026-09-06 02:11:38.795: [INFO] BookmarkModelLoaded, ids_reassigned: 0
2026-09-06 02:11:38.795: [INFO] BookmarksLoadDropped droppedNodes=0
2026-09-06 02:11:38.795: [INFO] BookmarksSnapshot Startup total=0 bar=0 other=0 mobile=0 showBar=0 showBarNTP=1
2026-09-06 02:37:19.070: [INFO] BookmarksSnapshot Shutdown total=0 bar=0 other=0 mobile=0 showBar=0 showBarNTP=1
2026-09-06 04:27:49.792: [INFO] CurrentProfilePath: D:\Archivos eclipse\TC3_Modelo-main\.metadata\.plugins\org.eclipse.swt\EBWebView\Default
2026-09-06 04:27:49.792: [INFO] Profiles total count: 1
2026-09-06 04:27:49.792: [INFO] Profile: name=Perfil 1 path=D:\Archivos eclipse\TC3_Modelo-main\.metadata\.plugins\org.eclipse.swt\EBWebView\Default lastActive=2026-08-30T02:59:33.176Z
2026-09-06 04:27:49.792: [INFO] LastUsedProfileDir: D:\Archivos eclipse\TC3_Modelo-main\.metadata\.plugins\org.eclipse.swt\EBWebView\Default
2026-09-06 04:27:49.792: [INFO] MostRecentlyActiveProfile: name=Perfil 1 path=D:\Archivos eclipse\TC3_Modelo-main\.metadata\.plugins\org.eclipse.swt\EBWebView\Default lastActive=2026-08-30T02:59:33.176Z
2026-09-06 04:27:49.792: [INFO] OnDoneLoading sync enabled: 0
2026-09-06 04:27:49.792: [INFO] BookmarkModelLoaded, ids_reassigned: 0
2026-09-06 04:27:49.792: [INFO] BookmarksLoadDropped droppedNodes=0
2026-09-06 04:27:49.792: [INFO] BookmarksSnapshot Startup total=0 bar=0 other=0 mobile=0 showBar=0 showBarNTP=1
2026-09-06 04:27:52.983: [INFO] BookmarksSnapshot Shutdown total=0 bar=0 other=0 mobile=0 showBar=0 showBarNTP=1
2026-09-06 04:29:01.551: [INFO] CurrentProfilePath: D:\Archivos eclipse\TC3_Modelo-main\.metadata\.plugins\org.eclipse.swt\EBWebView\Default
2026-09-06 04:29:01.551: [INFO] Profiles total count: 1
2026-09-06 04:29:01.551: [INFO] Profile: name=Perfil 1 path=D:\Archivos eclipse\TC3_Modelo-main\.metadata\.plugins\org.eclipse.swt\EBWebView\Default lastActive=2026-08-30T02:59:33.176Z
2026-09-06 04:29:01.551: [INFO] LastUsedProfileDir: D:\Archivos eclipse\TC3_Modelo-main\.metadata\.plugins\org.eclipse.swt\EBWebView\Default
2026-09-06 04:29:01.551: [INFO] MostRecentlyActiveProfile: name=Perfil 1 path=D:\Archivos eclipse\TC3_Modelo-main\.metadata\.plugins\org.eclipse.swt\EBWebView\Default lastActive=2026-08-30T02:59:33.176Z
2026-09-06 04:29:01.551: [INFO] OnDoneLoading sync enabled: 0
2026-09-06 04:29:01.551: [INFO] BookmarkModelLoaded, ids_reassigned: 0
2026-09-06 04:29:01.551: [INFO] BookmarksLoadDropped droppedNodes=0
2026-09-06 04:29:01.551: [INFO] BookmarksSnapshot Startup total=0 bar=0 other=0 mobile=0 showBar=0 showBarNTP=1
2026-09-06 05:50:33.943: [INFO] BookmarksSnapshot Shutdown total=0 bar=0 other=0 mobile=0 showBar=0 showBarNTP=1
2026-09-06 05:54:44.883: [INFO] CurrentProfilePath: D:\Archivos eclipse\TC3_Modelo-main\.metadata\.plugins\org.eclipse.swt\EBWebView\Default
2026-09-06 05:54:44.883: [INFO] Profiles total count: 1
2026-09-06 05:54:44.883: [INFO] Profile: name=Perfil 1 path=D:\Archivos eclipse\TC3_Modelo-main\.metadata\.plugins\org.eclipse.swt\EBWebView\Default lastActive=2026-08-30T02:59:33.176Z
2026-09-06 05:54:44.883: [INFO] LastUsedProfileDir: D:\Archivos eclipse\TC3_Modelo-main\.metadata\.plugins\org.eclipse.swt\EBWebView\Default
2026-09-06 05:54:44.883: [INFO] MostRecentlyActiveProfile: name=Perfil 1 path=D:\Archivos eclipse\TC3_Modelo-main\.metadata\.plugins\org.eclipse.swt\EBWebView\Default lastActive=2026-08-30T02:59:33.176Z
2026-09-06 05:54:44.883: [INFO] OnDoneLoading sync enabled: 0
2026-09-06 05:54:44.883: [INFO] BookmarkModelLoaded, ids_reassigned: 0
2026-09-06 05:54:44.883: [INFO] BookmarksLoadDropped droppedNodes=0
2026-09-06 05:54:44.883: [INFO] BookmarksSnapshot Startup total=0 bar=0 other=0 mobile=0 showBar=0 showBarNTP=1
2026-09-06 05:54:51.399: [INFO] BookmarksSnapshot Shutdown total=0 bar=0 other=0 mobile=0 showBar=0 showBarNTP=1
2026-09-06 05:56:46.111: [INFO] CurrentProfilePath: D:\Archivos eclipse\TC3_Modelo-main\.metadata\.plugins\org.eclipse.swt\EBWebView\Default
2026-09-06 05:56:46.111: [INFO] Profiles total count: 1
2026-09-06 05:56:46.111: [INFO] Profile: name=Perfil 1 path=D:\Archivos eclipse\TC3_Modelo-main\.metadata\.plugins\org.eclipse.swt\EBWebView\Default lastActive=2026-08-30T02:59:33.176Z
2026-09-06 05:56:46.111: [INFO] LastUsedProfileDir: D:\Archivos eclipse\TC3_Modelo-main\.metadata\.plugins\org.eclipse.swt\EBWebView\Default
2026-09-06 05:56:46.111: [INFO] MostRecentlyActiveProfile: name=Perfil 1 path=D:\Archivos eclipse\TC3_Modelo-main\.metadata\.plugins\org.eclipse.swt\EBWebView\Default lastActive=2026-08-30T02:59:33.176Z
2026-09-06 05:56:46.111: [INFO] OnDoneLoading sync enabled: 0
2026-09-06 05:56:46.111: [INFO] BookmarkModelLoaded, ids_reassigned: 0
2026-09-06 05:56:46.111: [INFO] BookmarksLoadDropped droppedNodes=0
2026-09-06 05:56:46.111: [INFO] BookmarksSnapshot Startup total=0 bar=0 other=0 mobile=0 showBar=0 showBarNTP=1
2026-09-06 06:18:20.389: [INFO] BookmarksSnapshot Shutdown total=0 bar=0 other=0 mobile=0 showBar=0 showBarNTP=1
2026-09-06 06:27:47.571: [INFO] CurrentProfilePath: D:\Archivos eclipse\TC3_Modelo-main\.metadata\.plugins\org.eclipse.swt\EBWebView\Default
2026-09-06 06:27:47.571: [INFO] Profiles total count: 1
2026-09-06 06:27:47.571: [INFO] Profile: name=Perfil 1 path=D:\Archivos eclipse\TC3_Modelo-main\.metadata\.plugins\org.eclipse.swt\EBWebView\Default lastActive=2026-09-06T06:19:12.983Z
2026-09-06 06:27:47.571: [INFO] LastUsedProfileDir: D:\Archivos eclipse\TC3_Modelo-main\.metadata\.plugins\org.eclipse.swt\EBWebView\Default
2026-09-06 06:27:47.571: [INFO] MostRecentlyActiveProfile: name=Perfil 1 path=D:\Archivos eclipse\TC3_Modelo-main\.metadata\.plugins\org.eclipse.swt\EBWebView\Default lastActive=2026-09-06T06:19:12.983Z
2026-09-06 06:27:47.571: [INFO] OnDoneLoading sync enabled: 0
2026-09-06 06:27:47.571: [INFO] BookmarkModelLoaded, ids_reassigned: 0
2026-09-06 06:27:47.571: [INFO] BookmarksLoadDropped droppedNodes=0
2026-09-06 06:27:47.571: [INFO] BookmarksSnapshot Startup total=0 bar=0 other=0 mobile=0 showBar=0 showBarNTP=1
2026-09-06 06:27:47.883: [INFO] BookmarksSnapshot Shutdown total=0 bar=0 other=0 mobile=0 showBar=0 showBarNTP=1
2026-09-06 06:28:55.258: [INFO] CurrentProfilePath: D:\Archivos eclipse\TC3_Modelo-main\.metadata\.plugins\org.eclipse.swt\EBWebView\Default
2026-09-06 06:28:55.258: [INFO] Profiles total count: 1
2026-09-06 06:28:55.258: [INFO] Profile: name=Perfil 1 path=D:\Archivos eclipse\TC3_Modelo-main\.metadata\.plugins\org.eclipse.swt\EBWebView\Default lastActive=2026-09-06T06:19:12.983Z
2026-09-06 06:28:55.258: [INFO] LastUsedProfileDir: D:\Archivos eclipse\TC3_Modelo-main\.metadata\.plugins\org.eclipse.swt\EBWebView\Default
2026-09-06 06:28:55.258: [INFO] MostRecentlyActiveProfile: name=Perfil 1 path=D:\Archivos eclipse\TC3_Modelo-main\.metadata\.plugins\org.eclipse.swt\EBWebView\Default lastActive=2026-09-06T06:19:12.983Z
2026-09-06 06:28:55.258: [INFO] OnDoneLoading sync enabled: 0
2026-09-06 06:28:55.258: [INFO] BookmarkModelLoaded, ids_reassigned: 0
2026-09-06 06:28:55.258: [INFO] BookmarksLoadDropped droppedNodes=0
2026-09-06 06:28:55.258: [INFO] BookmarksSnapshot Startup total=0 bar=0 other=0 mobile=0 showBar=0 showBarNTP=1
2026-09-06 06:28:55.400: [INFO] BookmarksSnapshot Shutdown total=0 bar=0 other=0 mobile=0 showBar=0 showBarNTP=1
2026-09-06 06:31:06.675: [INFO] CurrentProfilePath: D:\Archivos eclipse\TC3_Modelo-main\.metadata\.plugins\org.eclipse.swt\EBWebView\Default
2026-09-06 06:31:06.675: [INFO] Profiles total count: 1
2026-09-06 06:31:06.675: [INFO] Profile: name=Perfil 1 path=D:\Archivos eclipse\TC3_Modelo-main\.metadata\.plugins\org.eclipse.swt\EBWebView\Default lastActive=2026-09-06T06:19:12.983Z
2026-09-06 06:31:06.675: [INFO] LastUsedProfileDir: D:\Archivos eclipse\TC3_Modelo-main\.metadata\.plugins\org.eclipse.swt\EBWebView\Default
2026-09-06 06:31:06.675: [INFO] MostRecentlyActiveProfile: name=Perfil 1 path=D:\Archivos eclipse\TC3_Modelo-main\.metadata\.plugins\org.eclipse.swt\EBWebView\Default lastActive=2026-09-06T06:19:12.983Z
2026-09-06 06:31:06.675: [INFO] OnDoneLoading sync enabled: 0
2026-09-06 06:31:06.675: [INFO] BookmarkModelLoaded, ids_reassigned: 0
2026-09-06 06:31:06.675: [INFO] BookmarksLoadDropped droppedNodes=0
2026-09-06 06:31:06.675: [INFO] BookmarksSnapshot Startup total=0 bar=0 other=0 mobile=0 showBar=0 showBarNTP=1
2026-09-06 06:31:10.632: [INFO] BookmarksSnapshot Shutdown total=0 bar=0 other=0 mobile=0 showBar=0 showBarNTP=1
2026-09-06 06:31:22.326: [INFO] CurrentProfilePath: D:\Archivos eclipse\TC3_Modelo-main\.metadata\.plugins\org.eclipse.swt\EBWebView\Default
2026-09-06 06:31:22.326: [INFO] Profiles total count: 1
2026-09-06 06:31:22.326: [INFO] Profile: name=Perfil 1 path=D:\Archivos eclipse\TC3_Modelo-main\.metadata\.plugins\org.eclipse.swt\EBWebView\Default lastActive=2026-09-06T06:19:12.983Z
2026-09-06 06:31:22.326: [INFO] LastUsedProfileDir: D:\Archivos eclipse\TC3_Modelo-main\.metadata\.plugins\org.eclipse.swt\EBWebView\Default
2026-09-06 06:31:22.326: [INFO] MostRecentlyActiveProfile: name=Perfil 1 path=D:\Archivos eclipse\TC3_Modelo-main\.metadata\.plugins\org.eclipse.swt\EBWebView\Default lastActive=2026-09-06T06:19:12.983Z
2026-09-06 06:31:22.326: [INFO] OnDoneLoading sync enabled: 0
2026-09-06 06:31:22.326: [INFO] BookmarkModelLoaded, ids_reassigned: 0
2026-09-06 06:31:22.326: [INFO] BookmarksLoadDropped droppedNodes=0
2026-09-06 06:31:22.326: [INFO] BookmarksSnapshot Startup total=0 bar=0 other=0 mobile=0 showBar=0 showBarNTP=1
2026-09-06 06:34:00.266: [INFO] BookmarksSnapshot Shutdown total=0 bar=0 other=0 mobile=0 showBar=0 showBarNTP=1
